
T11672.hs:9:10: error:
    • Couldn't match type ‘*’ with ‘Symbol’
      Expected type: Proxy (Int -> Bool)
        Actual type: Proxy (Int -> Bool)
    • In the first argument of ‘f’, namely
        ‘(Proxy :: Proxy (Int -> Bool))’
      In the expression: f (Proxy :: Proxy (Int -> Bool))
      In an equation for ‘f’: f _ = f (Proxy :: Proxy (Int -> Bool))
