

T8883.hs:17:1:
    Non type-variable argument in the constraint: Functor (PF a)
    (Use FlexibleContexts to permit this)
    In the context: (Regular a, Functor (PF a))
    While checking the inferred type for ‘fold’
