
T11213.hs:19:1: warning: [-Wmissing-pattern-synonym-signatures (in -Wall)]
    Pattern synonym with no type signature: pattern P :: Bool

T11213.hs:20:1: warning: [-Wmissing-pattern-synonym-signatures (in -Wall)]
    Pattern synonym with no type signature:
      pattern Pe :: () => forall a. a -> Ex

T11213.hs:21:1: warning: [-Wmissing-pattern-synonym-signatures (in -Wall)]
    Pattern synonym with no type signature:
      pattern Pu :: forall t. t -> t

T11213.hs:22:1: warning: [-Wmissing-pattern-synonym-signatures (in -Wall)]
    Pattern synonym with no type signature:
      pattern Pue :: forall t. () => forall a. t -> a -> (t, Ex)

T11213.hs:23:1: warning: [-Wmissing-pattern-synonym-signatures (in -Wall)]
    Pattern synonym with no type signature:
      pattern Pur :: forall a. (Num a, Eq a) => a -> [a]

T11213.hs:24:1: warning: [-Wmissing-pattern-synonym-signatures (in -Wall)]
    Pattern synonym with no type signature:
      pattern Purp :: forall t a.
                      (Num a, Eq a) =>
                      Show t => a -> t -> ([a], UnivProv t)

T11213.hs:25:1: warning: [-Wmissing-pattern-synonym-signatures (in -Wall)]
    Pattern synonym with no type signature:
      pattern Pure :: forall a.
                      (Num a, Eq a) =>
                      forall a1. a -> a1 -> ([a], Ex)

T11213.hs:26:1: warning: [-Wmissing-pattern-synonym-signatures (in -Wall)]
    Pattern synonym with no type signature:
      pattern Purep :: forall a.
                       (Num a, Eq a) =>
                       forall a1. Show a1 => a -> a1 -> ([a], ExProv)

T11213.hs:27:1: warning: [-Wmissing-pattern-synonym-signatures (in -Wall)]
    Pattern synonym with no type signature:
      pattern Pep :: () => forall a. Show a => a -> ExProv

T11213.hs:28:1: warning: [-Wmissing-pattern-synonym-signatures (in -Wall)]
    Pattern synonym with no type signature:
      pattern Pup :: forall t. () => Show t => t -> UnivProv t

T11213.hs:29:1: warning: [-Wmissing-pattern-synonym-signatures (in -Wall)]
    Pattern synonym with no type signature:
      pattern Puep :: forall t.
                      () =>
                      forall a. Show a => a -> t -> (ExProv, t)
