
T11053.hs:7:1: warning: [-Wmissing-pattern-synonym-signatures (in -Wall)]
    Pattern synonym with no type signature: pattern T :: Bool

T11053.hs:9:1: warning: [-Wmissing-pattern-synonym-signatures (in -Wall)]
    Pattern synonym with no type signature:
      pattern J :: forall t. t -> Maybe t

T11053.hs:11:1: warning: [-Wmissing-pattern-synonym-signatures (in -Wall)]
    Pattern synonym with no type signature:
      pattern J1 :: forall t. t -> Maybe t

T11053.hs:13:1: warning: [-Wmissing-pattern-synonym-signatures (in -Wall)]
    Pattern synonym with no type signature:
      pattern J2 :: forall t. t -> Maybe t

T11053.hs:15:1: warning: [-Wmissing-pattern-synonym-signatures (in -Wall)]
    Pattern synonym with no type signature:
      pattern J3 :: forall t. t -> Maybe t
