TYPE SIGNATURES
  bravo :: forall w. Num w => w
TYPE CONSTRUCTORS
COERCION AXIOMS
Dependent modules: []
Dependent packages: [base-4.10.1.0, ghc-prim-0.5.1.1,
                     integer-gmp-1.0.1.0]
