TYPE SIGNATURES
  unc :: forall w1 w2 w3. (w1 -> w2 -> w3) -> (w1, w2) -> w3
TYPE CONSTRUCTORS
COERCION AXIOMS
Dependent modules: []
Dependent packages: [base-4.10.1.0, ghc-prim-0.5.1.1,
                     integer-gmp-1.0.1.0]
