
T10999.hs:5:6: error:
    Found constraint wildcard ‘_’ standing for ‘Ord a’
    To use the inferred type, enable PartialTypeSignatures
    In the type signature:
      f :: _ => () -> _
