
T12512.hs:10:1: error:
    • Can't make a derived instance of ‘Wat1 (# a, b #)’:
        The last argument of the instance cannot be an unboxed tuple
    • In the stand-alone deriving instance for ‘Wat1 (# a, b #)’
