
<no location info>: Warning:
    -XTemplateHaskell is not allowed in Safe Haskell; ignoring -XTemplateHaskell
